../Core/Src/main.c:109:6:Send_CAN_Message	16	static
../Core/Src/main.c:119:6:CAN_ConfigFilter	64	static
../Core/Src/main.c:159:5:main	8	static
../Core/Src/main.c:237:6:SystemClock_Config	88	static
../Core/Src/main.c:284:13:MX_ADC1_Init	24	static
../Core/Src/main.c:364:13:MX_CAN1_Init	8	static
../Core/Src/main.c:401:13:MX_TIM2_Init	64	static
../Core/Src/main.c:460:13:MX_TIM3_Init	32	static
../Core/Src/main.c:505:13:MX_TIM4_Init	72	static
../Core/Src/main.c:577:13:MX_DMA_Init	16	static
../Core/Src/main.c:595:13:MX_GPIO_Init	48	static
../Core/Src/main.c:630:6:Error_Handler	4	static,ignoring_inline_asm
