../Core/Src/stm32f4xx_it.c:112:6:NMI_Handler	4	static
../Core/Src/stm32f4xx_it.c:127:6:HardFault_Handler	4	static
../Core/Src/stm32f4xx_it.c:142:6:MemManage_Handler	4	static
../Core/Src/stm32f4xx_it.c:157:6:BusFault_Handler	4	static
../Core/Src/stm32f4xx_it.c:172:6:UsageFault_Handler	4	static
../Core/Src/stm32f4xx_it.c:187:6:SVC_Handler	4	static
../Core/Src/stm32f4xx_it.c:200:6:DebugMon_Handler	4	static
../Core/Src/stm32f4xx_it.c:213:6:PendSV_Handler	4	static
../Core/Src/stm32f4xx_it.c:226:6:SysTick_Handler	8	static
../Core/Src/stm32f4xx_it.c:247:6:CAN1_RX0_IRQHandler	16	static
../Core/Src/stm32f4xx_it.c:439:6:TIM4_IRQHandler	8	static
../Core/Src/stm32f4xx_it.c:453:6:DMA2_Stream0_IRQHandler	8	static
