../Core/Src/main.c:118:9:Control_LED	24	static
../Core/Src/main.c:135:15:Read_LED	24	static
../Core/Src/main.c:152:6:Send_CAN_Message	16	static
../Core/Src/main.c:162:9:Set_PWM_output	56	static
../Core/Src/main.c:208:9:Get_PWM_output	40	static
../Core/Src/main.c:240:17:Handle_TIM_IC_Capture	32	static
../Core/Src/main.c:641:6:CAN_ConfigFilter	64	static
../Core/Src/main.c:679:5:main	8	static
../Core/Src/main.c:755:6:SystemClock_Config	88	static
../Core/Src/main.c:802:13:MX_ADC1_Init	24	static
../Core/Src/main.c:882:13:MX_CAN1_Init	8	static
../Core/Src/main.c:919:13:MX_TIM2_Init	64	static
../Core/Src/main.c:990:13:MX_TIM3_Init	32	static
../Core/Src/main.c:1035:13:MX_TIM5_Init	48	static
../Core/Src/main.c:1091:13:MX_DMA_Init	16	static
../Core/Src/main.c:1109:13:MX_GPIO_Init	40	static
../Core/Src/main.c:1142:6:Error_Handler	4	static,ignoring_inline_asm
