../Core/Src/stm32f4xx_it.c:130:6:NMI_Handler	4	static
../Core/Src/stm32f4xx_it.c:145:6:HardFault_Handler	4	static
../Core/Src/stm32f4xx_it.c:160:6:MemManage_Handler	4	static
../Core/Src/stm32f4xx_it.c:175:6:BusFault_Handler	4	static
../Core/Src/stm32f4xx_it.c:190:6:UsageFault_Handler	4	static
../Core/Src/stm32f4xx_it.c:205:6:SVC_Handler	4	static
../Core/Src/stm32f4xx_it.c:218:6:DebugMon_Handler	4	static
../Core/Src/stm32f4xx_it.c:231:6:PendSV_Handler	4	static
../Core/Src/stm32f4xx_it.c:244:6:SysTick_Handler	8	static
../Core/Src/stm32f4xx_it.c:265:6:CAN1_TX_IRQHandler	8	static
../Core/Src/stm32f4xx_it.c:279:6:CAN1_RX0_IRQHandler	16	static
../Core/Src/stm32f4xx_it.c:469:6:TIM5_IRQHandler	8	static
../Core/Src/stm32f4xx_it.c:497:6:DMA2_Stream0_IRQHandler	8	static
